
 Name                                                     Monthly Qty  Unit                  Monthly Cost 
                                                                                                          
 azurerm_eventhub_namespace.basic                                                                         
 ├─ Ingress events (Basic)                                          1  1M events                    $0.03 
 └─ Throughput unit (1 MB/s ingress, 2 MB/s egress)                 1  hour                         $0.02 
                                                                                                          
 azurerm_eventhub_namespace.basicwithoutusage                                                             
 ├─ Ingress events (Basic)                           Monthly cost depends on usage: $0.03 per 1M events   
 └─ Throughput unit (1 MB/s ingress, 2 MB/s egress)                 1  hour                         $0.02 
                                                                                                          
 azurerm_eventhub_namespace.standard                                                                      
 ├─ Ingress events (Standard)                                      10  1M events                    $0.28 
 ├─ Throughput unit (1 MB/s ingress, 2 MB/s egress)                 1  hour                         $0.03 
 ├─ Kafka endpoint                                                  1  hour                         $0.09 
 └─ Capture                                                         1  hour                         $0.10 
                                                                                                          
 azurerm_eventhub_namespace.standardwithoutusage                                                          
 ├─ Ingress events (Standard)                        Monthly cost depends on usage: $0.03 per 1M events   
 ├─ Throughput unit (1 MB/s ingress, 2 MB/s egress)                 1  hour                         $0.03 
 ├─ Kafka endpoint                                                  1  hour                         $0.09 
 └─ Capture                                                         1  hour                         $0.10 
                                                                                                          
 PROJECT TOTAL                                                                                      $0.78 

----------------------------------
To estimate usage-based resources use --usage-file, see https://infracost.io/usage-file